// Jest Snapshot v1, https://goo.gl/fbAQLP

exports[`<Nav/> Renders and minimal nav when signed out 1`] = `
<div>
  <ul
    class="NavStyles-sc-ncs2a4-0 rlcvK"
  >
    <a
      href="/products"
    >
      Products
    </a>
    <a
      href="/signin"
    >
      Sign In
    </a>
  </ul>
</div>
`;

exports[`<Nav/> renders a full nav when signed in 1`] = `
<div>
  <ul
    class="NavStyles-sc-ncs2a4-0 rlcvK"
  >
    <a
      href="/products"
    >
      Products
    </a>
    <a
      href="/sell"
    >
      Sell
    </a>
    <a
      href="/orders"
    >
      Orders
    </a>
    <a
      href="/account"
    >
      Account
    </a>
    <button
      type="button"
    >
      Sign Out
    </button>
    <button
      type="button"
    >
      My Cart
    </button>
    <span
      class="CartCount__AnimationStyles-sc-1ampce4-1 YqugJ"
    >
      <div>
        <div
          class="CartCount__Dot-sc-1ampce4-0 jtRCi count"
        >
          0
        </div>
      </div>
    </span>
  </ul>
</div>
`;
